0 0.000000e+00 1.000000e-06 0 single_file little rho vx1 vx2 vx3 Bx1 Bx2 Bx3 prs psi_glm tr1 
1 1.999281e-01 1.075279e-04 2014 single_file little rho vx1 vx2 vx3 Bx1 Bx2 Bx3 prs psi_glm tr1 
2 3.999043e-01 1.084026e-04 3847 single_file little rho vx1 vx2 vx3 Bx1 Bx2 Bx3 prs psi_glm tr1 
3 5.999907e-01 6.177583e-05 6225 single_file little rho vx1 vx2 vx3 Bx1 Bx2 Bx3 prs psi_glm tr1 
4 7.999665e-01 4.513901e-05 10170 single_file little rho vx1 vx2 vx3 Bx1 Bx2 Bx3 prs psi_glm tr1 
5 9.999986e-01 4.856249e-05 14525 single_file little rho vx1 vx2 vx3 Bx1 Bx2 Bx3 prs psi_glm tr1 
6 1.199942e+00 7.778151e-05 17955 single_file little rho vx1 vx2 vx3 Bx1 Bx2 Bx3 prs psi_glm tr1 
7 1.399947e+00 6.413760e-05 21168 single_file little rho vx1 vx2 vx3 Bx1 Bx2 Bx3 prs psi_glm tr1 
8 1.599973e+00 7.211180e-05 23961 single_file little rho vx1 vx2 vx3 Bx1 Bx2 Bx3 prs psi_glm tr1 
9 1.799988e+00 6.509504e-05 27125 single_file little rho vx1 vx2 vx3 Bx1 Bx2 Bx3 prs psi_glm tr1 
10 1.999934e+00 8.103749e-05 29790 single_file little rho vx1 vx2 vx3 Bx1 Bx2 Bx3 prs psi_glm tr1 
11 2.199996e+00 6.069898e-05 32702 single_file little rho vx1 vx2 vx3 Bx1 Bx2 Bx3 prs psi_glm tr1 
